[src/config/prisma.ts] Modo productivo, creando/reutilizando PrismaClient real
Probando consulta de la tienda...
prisma:query SELECT `tienda_db`.`tiendas`.`id`, `tienda_db`.`tiendas`.`usuarioId`, `tienda_db`.`tiendas`.`plantillaId`, `tienda_db`.`tiendas`.`slug`, `tienda_db`.`tiendas`.`nombre`, `tienda_db`.`tiendas`.`titulo`, `tienda_db`.`tiendas`.`descripcion`, `tienda_db`.`tiendas`.`logoUrl`, `tienda_db`.`tiendas`.`bannerUrl`, `tienda_db`.`tiendas`.`whatsapp`, `tienda_db`.`tiendas`.`instagram`, `tienda_db`.`tiendas`.`facebook`, `tienda_db`.`tiendas`.`sitioWeb`, `tienda_db`.`tiendas`.`pais`, `tienda_db`.`tiendas`.`provincia`, `tienda_db`.`tiendas`.`ciudad`, `tienda_db`.`tiendas`.`activa`, `tienda_db`.`tiendas`.`publica`, `tienda_db`.`tiendas`.`vistas`, `tienda_db`.`tiendas`.`creadoEn`, `tienda_db`.`tiendas`.`actualizadoEn`, COALESCE(`aggr_selection_0_Producto`.`_aggr_count_productos`, 0) AS `_aggr_count_productos`, COALESCE(`aggr_selection_1_ResenaTienda`.`_aggr_count_resenas`, 0) AS `_aggr_count_resenas` FROM `tienda_db`.`tiendas` LEFT JOIN (SELECT `tienda_db`.`productos`.`tiendaId`, COUNT(*) AS `_aggr_count_productos` FROM `tienda_db`.`productos` WHERE 1=1 GROUP BY `tienda_db`.`productos`.`tiendaId`) AS `aggr_selection_0_Producto` ON (`tienda_db`.`tiendas`.`id` = `aggr_selection_0_Producto`.`tiendaId`) LEFT JOIN (SELECT `tienda_db`.`resenas_tienda`.`tiendaId`, COUNT(*) AS `_aggr_count_resenas` FROM `tienda_db`.`resenas_tienda` WHERE 1=1 GROUP BY `tienda_db`.`resenas_tienda`.`tiendaId`) AS `aggr_selection_1_ResenaTienda` ON (`tienda_db`.`tiendas`.`id` = `aggr_selection_1_ResenaTienda`.`tiendaId`) WHERE 1=1 LIMIT ? OFFSET ?
prisma:query SELECT `tienda_db`.`usuarios`.`id`, `tienda_db`.`usuarios`.`nombre`, `tienda_db`.`usuarios`.`apellido`, `tienda_db`.`usuarios`.`avatarUrl` FROM `tienda_db`.`usuarios` WHERE `tienda_db`.`usuarios`.`id` IN (?)
prisma:query SELECT `tienda_db`.`plantillas_tienda`.`id`, `tienda_db`.`plantillas_tienda`.`nombre`, `tienda_db`.`plantillas_tienda`.`descripcion`, `tienda_db`.`plantillas_tienda`.`previewUrl`, `tienda_db`.`plantillas_tienda`.`defaultConfig`, `tienda_db`.`plantillas_tienda`.`sortOrder`, `tienda_db`.`plantillas_tienda`.`activo` FROM `tienda_db`.`plantillas_tienda` WHERE `tienda_db`.`plantillas_tienda`.`id` IN (?)
prisma:query SELECT `tienda_db`.`tienda_tema_config`.`tiendaId`, `tienda_db`.`tienda_tema_config`.`colorAcento`, `tienda_db`.`tienda_tema_config`.`navbarStyle`, `tienda_db`.`tienda_tema_config`.`heroTitulo`, `tienda_db`.`tienda_tema_config`.`heroSubtitulo`, `tienda_db`.`tienda_tema_config`.`heroCtaTexto`, `tienda_db`.`tienda_tema_config`.`cardMostrarPrecio`, `tienda_db`.`tienda_tema_config`.`cardMostrarBadge`, `tienda_db`.`tienda_tema_config`.`seccionesVisibles`, `tienda_db`.`tienda_tema_config`.`creadoEn`, `tienda_db`.`tienda_tema_config`.`actualizadoEn`, `tienda_db`.`tienda_tema_config`.`modoOscuro` FROM `tienda_db`.`tienda_tema_config` WHERE `tienda_db`.`tienda_tema_config`.`tiendaId` IN (?)
prisma:query SELECT `tienda_db`.`metodos_pago_tienda`.`tiendaId`, `tienda_db`.`metodos_pago_tienda`.`metodoPagoId`, `tienda_db`.`metodos_pago_tienda`.`detalle` FROM `tienda_db`.`metodos_pago_tienda` WHERE `tienda_db`.`metodos_pago_tienda`.`tiendaId` IN (?)
prisma:query SELECT `tienda_db`.`metodos_entrega_tienda`.`tiendaId`, `tienda_db`.`metodos_entrega_tienda`.`metodoEntregaId`, `tienda_db`.`metodos_entrega_tienda`.`zonaCobertura`, `tienda_db`.`metodos_entrega_tienda`.`detalle` FROM `tienda_db`.`metodos_entrega_tienda` WHERE `tienda_db`.`metodos_entrega_tienda`.`tiendaId` IN (?)
prisma:query SELECT `tienda_db`.`carrusel_imagenes`.`id`, `tienda_db`.`carrusel_imagenes`.`tiendaId`, `tienda_db`.`carrusel_imagenes`.`url`, `tienda_db`.`carrusel_imagenes`.`titulo`, `tienda_db`.`carrusel_imagenes`.`subtitulo`, `tienda_db`.`carrusel_imagenes`.`linkUrl`, `tienda_db`.`carrusel_imagenes`.`orden`, `tienda_db`.`carrusel_imagenes`.`activa` FROM `tienda_db`.`carrusel_imagenes` WHERE (`tienda_db`.`carrusel_imagenes`.`activa` = ? AND `tienda_db`.`carrusel_imagenes`.`tiendaId` IN (?)) ORDER BY `tienda_db`.`carrusel_imagenes`.`orden` ASC
prisma:query SELECT `tienda_db`.`tienda_about_us`.`tiendaId`, `tienda_db`.`tienda_about_us`.`titulo`, `tienda_db`.`tienda_about_us`.`descripcion`, `tienda_db`.`tienda_about_us`.`imagenUrl`, `tienda_db`.`tienda_about_us`.`direccion`, `tienda_db`.`tienda_about_us`.`creadoEn`, `tienda_db`.`tienda_about_us`.`actualizadoEn` FROM `tienda_db`.`tienda_about_us` WHERE `tienda_db`.`tienda_about_us`.`tiendaId` IN (?)
prisma:error 
Invalid `prisma.tienda.findFirst()` invocation in
C:\Users\tiin-\OneDrive\Escritorio\Proyecto TiendaFree\tienda-api\src\test-db.ts:6:40

  3 async function main() {
  4   try {
  5     console.log("Probando consulta de la tienda...");
ÔåÆ 6     const tienda = await prisma.tienda.findFirst(
The table `tienda_about_us` does not exist in the current database.
node.exe : Error en DB: PrismaClientKnownRequestError: 
En C:\Program Files\nodejs\npx.ps1: 29 Carácter: 3
+   & $NODE_EXE $NPX_CLI_JS $args
+   ~~~~~~~~~~~~~~~~~~~~~~~~~~~~~
    + CategoryInfo          : NotSpecified: (Error en D 
   B: Pr...nRequestError: :String) [], RemoteException
    + FullyQualifiedErrorId : NativeCommandError
 
Invalid `prisma.tienda.findFirst()` invocation in
C:\Users\tiin-\OneDrive\Escritorio\Proyecto 
TiendaFree\tienda-api\src\test-db.ts:6:40

  3 async function main() {
  4   try {
  5     console.log("Probando consulta de la 
tienda...");
ÔåÆ 6     const tienda = await prisma.tienda.findFirst(
The table `tienda_about_us` does not exist in the 
current database.
    at $n.handleRequestError 
(C:\Users\tiin-\OneDrive\Escritorio\Proyecto TiendaFree\
tienda-api\node_modules\@prisma\client\runtime\library.j
s:121:7315)
    at $n.handleAndLogRequestError 
(C:\Users\tiin-\OneDrive\Escritorio\Proyecto TiendaFree\
tienda-api\node_modules\@prisma\client\runtime\library.j
s:121:6623)
    at $n.request 
(C:\Users\tiin-\OneDrive\Escritorio\Proyecto TiendaFree\
tienda-api\node_modules\@prisma\client\runtime\library.j
s:121:6307)
    at async l 
(C:\Users\tiin-\OneDrive\Escritorio\Proyecto TiendaFree\
tienda-api\node_modules\@prisma\client\runtime\library.j
s:130:9633)
    at async main 
(C:\Users\tiin-\OneDrive\Escritorio\Proyecto 
TiendaFree\tienda-api\src\test-db.ts:6:20) {
  code: 'P2021',
  clientVersion: '5.22.0',
  meta: { modelName: 'Tienda', table: 'tienda_about_us' 
}
}
